// Jest Snapshot v1, https://goo.gl/fbAQLP

exports[`ListHotels should render self 1`] = `
ShallowWrapper {
  "length": 1,
  Symbol(enzyme.__root__): [Circular],
  Symbol(enzyme.__unrendered__): <ListHotels
    listHotels={
      Array [
        Object {
          "id": "1",
          "label": "Steigenberger Al Dau Beach Hotel",
          "locationName": "Hurghada, Egypt",
        },
      ]
    }
  />,
  Symbol(enzyme.__renderer__): Object {
    "batchedUpdates": [Function],
    "getNode": [Function],
    "render": [Function],
    "simulateEvent": [Function],
    "unmount": [Function],
  },
  Symbol(enzyme.__node__): Object {
    "instance": null,
    "key": undefined,
    "nodeType": "host",
    "props": Object {
      "children": <ul>
        <HotelItem
          id="1"
          label="Steigenberger Al Dau Beach Hotel"
          locationName="Hurghada, Egypt"
        />
      </ul>,
      "className": "listHotels",
    },
    "ref": null,
    "rendered": Object {
      "instance": null,
      "key": undefined,
      "nodeType": "host",
      "props": Object {
        "children": Array [
          <HotelItem
            id="1"
            label="Steigenberger Al Dau Beach Hotel"
            locationName="Hurghada, Egypt"
          />,
        ],
      },
      "ref": null,
      "rendered": Array [
        Object {
          "instance": null,
          "key": "1",
          "nodeType": "function",
          "props": Object {
            "id": "1",
            "label": "Steigenberger Al Dau Beach Hotel",
            "locationName": "Hurghada, Egypt",
          },
          "ref": null,
          "rendered": null,
          "type": [Function],
        },
      ],
      "type": "ul",
    },
    "type": "div",
  },
  Symbol(enzyme.__nodes__): Array [
    Object {
      "instance": null,
      "key": undefined,
      "nodeType": "host",
      "props": Object {
        "children": <ul>
          <HotelItem
            id="1"
            label="Steigenberger Al Dau Beach Hotel"
            locationName="Hurghada, Egypt"
          />
        </ul>,
        "className": "listHotels",
      },
      "ref": null,
      "rendered": Object {
        "instance": null,
        "key": undefined,
        "nodeType": "host",
        "props": Object {
          "children": Array [
            <HotelItem
              id="1"
              label="Steigenberger Al Dau Beach Hotel"
              locationName="Hurghada, Egypt"
            />,
          ],
        },
        "ref": null,
        "rendered": Array [
          Object {
            "instance": null,
            "key": "1",
            "nodeType": "function",
            "props": Object {
              "id": "1",
              "label": "Steigenberger Al Dau Beach Hotel",
              "locationName": "Hurghada, Egypt",
            },
            "ref": null,
            "rendered": null,
            "type": [Function],
          },
        ],
        "type": "ul",
      },
      "type": "div",
    },
  ],
  Symbol(enzyme.__options__): Object {
    "adapter": ReactSixteenAdapter {
      "options": Object {
        "enableComponentDidUpdateOnSetState": true,
      },
    },
  },
}
`;
